------------------------------------------------------------
Timing Analyzer Summary
------------------------------------------------------------

Type  : Slow 1100mV 85C Model Setup 'operation[0]'
Slack : -50.293
TNS   : -575.629

Type  : Slow 1100mV 85C Model Setup 'button[0]'
Slack : -18.578
TNS   : -389.065

Type  : Slow 1100mV 85C Model Setup 'clk'
Slack : -17.624
TNS   : -244.854

Type  : Slow 1100mV 85C Model Hold 'operation[0]'
Slack : 0.174
TNS   : 0.000

Type  : Slow 1100mV 85C Model Hold 'clk'
Slack : 0.373
TNS   : 0.000

Type  : Slow 1100mV 85C Model Hold 'button[0]'
Slack : 0.993
TNS   : 0.000

Type  : Slow 1100mV 85C Model Recovery 'clk'
Slack : -2.183
TNS   : -135.949

Type  : Slow 1100mV 85C Model Removal 'clk'
Slack : 1.059
TNS   : 0.000

Type  : Slow 1100mV 85C Model Minimum Pulse Width 'clk'
Slack : -0.394
TNS   : -35.741

Type  : Slow 1100mV 85C Model Minimum Pulse Width 'button[0]'
Slack : -0.373
TNS   : -13.643

Type  : Slow 1100mV 85C Model Minimum Pulse Width 'operation[0]'
Slack : 0.068
TNS   : 0.000

Type  : Slow 1100mV 0C Model Setup 'operation[0]'
Slack : -51.206
TNS   : -587.423

Type  : Slow 1100mV 0C Model Setup 'button[0]'
Slack : -18.820
TNS   : -391.906

Type  : Slow 1100mV 0C Model Setup 'clk'
Slack : -17.934
TNS   : -234.724

Type  : Slow 1100mV 0C Model Hold 'operation[0]'
Slack : 0.268
TNS   : 0.000

Type  : Slow 1100mV 0C Model Hold 'clk'
Slack : 0.369
TNS   : 0.000

Type  : Slow 1100mV 0C Model Hold 'button[0]'
Slack : 0.879
TNS   : 0.000

Type  : Slow 1100mV 0C Model Recovery 'clk'
Slack : -1.916
TNS   : -118.714

Type  : Slow 1100mV 0C Model Removal 'clk'
Slack : 0.838
TNS   : 0.000

Type  : Slow 1100mV 0C Model Minimum Pulse Width 'clk'
Slack : -0.394
TNS   : -37.503

Type  : Slow 1100mV 0C Model Minimum Pulse Width 'button[0]'
Slack : -0.333
TNS   : -12.533

Type  : Slow 1100mV 0C Model Minimum Pulse Width 'operation[0]'
Slack : 0.085
TNS   : 0.000

Type  : Fast 1100mV 85C Model Setup 'operation[0]'
Slack : -26.951
TNS   : -303.603

Type  : Fast 1100mV 85C Model Setup 'button[0]'
Slack : -10.117
TNS   : -222.875

Type  : Fast 1100mV 85C Model Setup 'clk'
Slack : -9.061
TNS   : -148.851

Type  : Fast 1100mV 85C Model Hold 'operation[0]'
Slack : -0.047
TNS   : -0.047

Type  : Fast 1100mV 85C Model Hold 'clk'
Slack : 0.181
TNS   : 0.000

Type  : Fast 1100mV 85C Model Hold 'button[0]'
Slack : 0.627
TNS   : 0.000

Type  : Fast 1100mV 85C Model Recovery 'clk'
Slack : -1.496
TNS   : -91.458

Type  : Fast 1100mV 85C Model Removal 'clk'
Slack : 0.741
TNS   : 0.000

Type  : Fast 1100mV 85C Model Minimum Pulse Width 'button[0]'
Slack : -0.252
TNS   : -10.684

Type  : Fast 1100mV 85C Model Minimum Pulse Width 'clk'
Slack : -0.091
TNS   : -5.708

Type  : Fast 1100mV 85C Model Minimum Pulse Width 'operation[0]'
Slack : 0.117
TNS   : 0.000

Type  : Fast 1100mV 0C Model Setup 'operation[0]'
Slack : -25.365
TNS   : -286.421

Type  : Fast 1100mV 0C Model Setup 'button[0]'
Slack : -9.417
TNS   : -201.510

Type  : Fast 1100mV 0C Model Setup 'clk'
Slack : -8.451
TNS   : -133.166

Type  : Fast 1100mV 0C Model Hold 'operation[0]'
Slack : 0.032
TNS   : 0.000

Type  : Fast 1100mV 0C Model Hold 'clk'
Slack : 0.171
TNS   : 0.000

Type  : Fast 1100mV 0C Model Hold 'button[0]'
Slack : 0.528
TNS   : 0.000

Type  : Fast 1100mV 0C Model Recovery 'clk'
Slack : -1.331
TNS   : -81.114

Type  : Fast 1100mV 0C Model Removal 'clk'
Slack : 0.556
TNS   : 0.000

Type  : Fast 1100mV 0C Model Minimum Pulse Width 'button[0]'
Slack : -0.215
TNS   : -9.978

Type  : Fast 1100mV 0C Model Minimum Pulse Width 'clk'
Slack : -0.092
TNS   : -5.753

Type  : Fast 1100mV 0C Model Minimum Pulse Width 'operation[0]'
Slack : 0.185
TNS   : 0.000

------------------------------------------------------------
