------------------------------------------------------------
Timing Analyzer Summary
------------------------------------------------------------

Type  : Slow 1100mV 85C Model Setup 'operation[0]'
Slack : -51.914
TNS   : -811.667

Type  : Slow 1100mV 85C Model Setup 'button[0]'
Slack : -18.508
TNS   : -377.768

Type  : Slow 1100mV 85C Model Setup 'clk'
Slack : -18.250
TNS   : -292.759

Type  : Slow 1100mV 85C Model Hold 'clk'
Slack : 0.233
TNS   : 0.000

Type  : Slow 1100mV 85C Model Hold 'operation[0]'
Slack : 0.433
TNS   : 0.000

Type  : Slow 1100mV 85C Model Hold 'button[0]'
Slack : 1.147
TNS   : 0.000

Type  : Slow 1100mV 85C Model Recovery 'clk'
Slack : -2.104
TNS   : -157.811

Type  : Slow 1100mV 85C Model Removal 'clk'
Slack : 0.833
TNS   : 0.000

Type  : Slow 1100mV 85C Model Minimum Pulse Width 'button[0]'
Slack : -0.587
TNS   : -30.289

Type  : Slow 1100mV 85C Model Minimum Pulse Width 'clk'
Slack : -0.394
TNS   : -44.757

Type  : Slow 1100mV 85C Model Minimum Pulse Width 'operation[0]'
Slack : 0.085
TNS   : 0.000

Type  : Slow 1100mV 0C Model Setup 'operation[0]'
Slack : -53.329
TNS   : -833.601

Type  : Slow 1100mV 0C Model Setup 'button[0]'
Slack : -18.791
TNS   : -380.783

Type  : Slow 1100mV 0C Model Setup 'clk'
Slack : -18.490
TNS   : -283.029

Type  : Slow 1100mV 0C Model Hold 'clk'
Slack : 0.214
TNS   : 0.000

Type  : Slow 1100mV 0C Model Hold 'operation[0]'
Slack : 0.331
TNS   : 0.000

Type  : Slow 1100mV 0C Model Hold 'button[0]'
Slack : 1.102
TNS   : 0.000

Type  : Slow 1100mV 0C Model Recovery 'clk'
Slack : -1.809
TNS   : -133.537

Type  : Slow 1100mV 0C Model Removal 'clk'
Slack : 0.595
TNS   : 0.000

Type  : Slow 1100mV 0C Model Minimum Pulse Width 'button[0]'
Slack : -0.683
TNS   : -31.611

Type  : Slow 1100mV 0C Model Minimum Pulse Width 'clk'
Slack : -0.394
TNS   : -47.400

Type  : Slow 1100mV 0C Model Minimum Pulse Width 'operation[0]'
Slack : 0.141
TNS   : 0.000

Type  : Fast 1100mV 85C Model Setup 'operation[0]'
Slack : -27.504
TNS   : -429.408

Type  : Fast 1100mV 85C Model Setup 'button[0]'
Slack : -10.139
TNS   : -218.305

Type  : Fast 1100mV 85C Model Setup 'clk'
Slack : -9.328
TNS   : -172.151

Type  : Fast 1100mV 85C Model Hold 'clk'
Slack : 0.140
TNS   : 0.000

Type  : Fast 1100mV 85C Model Hold 'operation[0]'
Slack : 0.209
TNS   : 0.000

Type  : Fast 1100mV 85C Model Hold 'button[0]'
Slack : 0.720
TNS   : 0.000

Type  : Fast 1100mV 85C Model Recovery 'clk'
Slack : -1.369
TNS   : -102.441

Type  : Fast 1100mV 85C Model Removal 'clk'
Slack : 0.539
TNS   : 0.000

Type  : Fast 1100mV 85C Model Minimum Pulse Width 'button[0]'
Slack : -0.421
TNS   : -12.299

Type  : Fast 1100mV 85C Model Minimum Pulse Width 'clk'
Slack : -0.088
TNS   : -7.016

Type  : Fast 1100mV 85C Model Minimum Pulse Width 'operation[0]'
Slack : 0.165
TNS   : 0.000

Type  : Fast 1100mV 0C Model Setup 'operation[0]'
Slack : -26.116
TNS   : -407.860

Type  : Fast 1100mV 0C Model Setup 'button[0]'
Slack : -9.438
TNS   : -197.236

Type  : Fast 1100mV 0C Model Setup 'clk'
Slack : -8.689
TNS   : -149.384

Type  : Fast 1100mV 0C Model Hold 'clk'
Slack : 0.119
TNS   : 0.000

Type  : Fast 1100mV 0C Model Hold 'operation[0]'
Slack : 0.208
TNS   : 0.000

Type  : Fast 1100mV 0C Model Hold 'button[0]'
Slack : 0.650
TNS   : 0.000

Type  : Fast 1100mV 0C Model Recovery 'clk'
Slack : -1.195
TNS   : -88.938

Type  : Fast 1100mV 0C Model Removal 'clk'
Slack : 0.378
TNS   : 0.000

Type  : Fast 1100mV 0C Model Minimum Pulse Width 'button[0]'
Slack : -0.381
TNS   : -11.191

Type  : Fast 1100mV 0C Model Minimum Pulse Width 'clk'
Slack : -0.089
TNS   : -7.054

Type  : Fast 1100mV 0C Model Minimum Pulse Width 'operation[0]'
Slack : 0.234
TNS   : 0.000

------------------------------------------------------------
